[Map]
author=22E05
warn=yes
image=world (small).bmp
wrap=yes
scroll=horizontal

[Continents]
North Europe=5
East Europe=7
South Europe=4
Central Europe=9

[Territories]
Norway,598,246,North Europe,Sweden,Finland,United Kingdom,Denmark,Iceland,Russia
Sweden,652,290,North Europe,Norway,Finland,Denmark,Baltic Countries
Finland,758,169,North Europe,Sweden,Norway,Baltic Countries,Russia
Iceland,388,112,North Europe,Norway,United Kingdom
United Kingdom,460,397,North Europe,Iceland,Norway,France,Portugal

Russia,940,257,East Europe,Finland,Norway,Baltic Countries,Belarus,Ukraine,Georgia,Kazakhstan
Kazakhstan,1060,390,East Europe,Russia,Georgia
Georgia,1118,534,East Europe,Russia,Kazakhstan,Turkey
Turkey,996,612,East Europe,Georgia,Greece,Ukraine
Ukraine,870,434,East Europe,Russia,Belarus,Romany,Turkey,Poland,Hungary
Belarus,803,362,East Europe,Baltic Countries,Poland,Ukraine,Russia
Baltic Countries,741,310,East Europe,Finland,Sweden,Russia,Belarus,Poland

Spain,437,619,South Europe,Portugal,France,Italy
Portugal,346,612,South Europe,Spain,United Kingdom
Italy,662,593,South Europe,Hungary,Austria,France,Greece,Spain
Greece,796,642,South Europe,Turkey,Bulgaria,Italy

Romany,797,509,Central Europe,Ukraine,Hungary,Bulgaria
Bulgaria,764,577,Central Europe,Romany,Greece,Hungary
Hungary,717,481,Central Europe,Italy,Austria,Poland,Ukraine,Romany,Bulgaria
Austria,669,465,Central Europe,Italy,France,Germany,Poland,Hungary
Germany,603,431,Central Europe,Austria,Poland,France,Denmark,Belgium
France,507,528,Central Europe,United Kingdom,Belgium,Germany,Spain,Austria,Italy
Belgium,553,440,Central Europe,Germany,France
Denmark,590,338,Central Europe,Norway,Sweden,Germany
Poland,701,409,Central Europe,Ukraine,Belarus,Baltic Countries,Hungary,Austria,Germany


[ColorCode]
Austria,0x5a5a5aff
Baltic Countries,0x505050ff
Belarus,0x555555ff
Belgium,0x232323ff
Bulgaria,0x696969ff
Denmark,0x737373ff
Finland,0x323232ff
France,0x282828ff
Georgia,0x0f0f0fff
Germany,0x1e1e1eff
Greece,0x6e6e6eff
Hungary,0x5f5f5fff
Iceland,0x464646ff
Italy,0x2d2d2dff
Kazakhstan,0x050505ff
Norway,0x373737ff
Poland,0x191919ff
Portugal,0x00005cff
Romany,0x646464ff
Russia,0x0000ffff
Spain,0xffffffff
Sweden,0x4b4b4bff
Turkey,0x0a0a0aff
Ukraine,0x141414ff
United Kingdom,0x414141ff

